// Jest Snapshot v1, https://goo.gl/fbAQLP

exports[`Taui render the application container 1`] = `
<Provider
  store={
    Object {
      "clearActions": [Function],
      "dispatch": [Function],
      "getActions": [Function],
      "getState": [Function],
      "replaceReducer": [Function],
      "subscribe": [Function],
    }
  }
>
  <Connect(Application)
    store={
      Object {
        "clearActions": [Function],
        "dispatch": [Function],
        "getActions": [Function],
        "getState": [Function],
        "replaceReducer": [Function],
        "subscribe": [Function],
      }
    }
  >
    <Application
      addActionLogItem={[Function]}
      browsochrones={
        Object {
          "active": 0,
          "grids": Array [
            "Jobs_total",
            "Workers_total",
          ],
          "gridsUrl": "https://dz69bcpxxuhn6.cloudfront.net/indy-baseline-z9/intgrids",
          "instances": Array [],
          "origins": Array [
            "https://dz69bcpxxuhn6.cloudfront.net/indy-baseline-v6",
            "https://dz69bcpxxuhn6.cloudfront.net/indyconnect-marion-v6",
            "https://dz69bcpxxuhn6.cloudfront.net/indyconnect-marion-v6",
          ],
        }
      }
      clearEnd={[Function]}
      clearIsochrone={[Function]}
      clearStart={[Function]}
      destinations={
        Object {
          "accessibility": Array [],
        }
      }
      fetchAllBrowsochrones={[Function]}
      geocoder={
        Object {
          "boundary": Object {
            "country": "us",
            "rect": Object {
              "maxLat": 40.271143686084194,
              "maxLon": -85.462646484375,
              "minLat": 39.35978526869001,
              "minLon": -86.8524169921875,
            },
          },
          "focusLatlng": Object {
            "lat": 39.7691,
            "lng": -86.157,
          },
        }
      }
      hideMapMarker={[Function]}
      initializeBrowsochrones={[Function]}
      map={
        Object {
          "active": 0,
          "centerCoordinates": Array [
            39.7691,
            -86.157,
          ],
          "geojson": Array [],
          "inVehicleTravelTimes": Array [],
          "isochrones": Array [],
          "transitive": null,
          "transitives": Array [],
          "travelTimes": Array [],
          "waitTimes": Array [],
          "zoom": 11,
        }
      }
      mapMarkers={
        Object {
          "end": Object {},
          "start": Object {},
        }
      }
      setAccessibilityFor={[Function]}
      setAccessibilityToEmptyFor={[Function]}
      setAccessibilityToLoadingFor={[Function]}
      setActiveBrowsochronesInstance={[Function]}
      setBrowsochronesInstances={[Function]}
      setDestinationDataFor={[Function]}
      setEnd={[Function]}
      setEndLabel={[Function]}
      setIsochrone={[Function]}
      setIsochroneFor={[Function]}
      setSelectedTimeCutoff={[Function]}
      setStart={[Function]}
      setStartLabel={[Function]}
      showMapMarker={[Function]}
      store={
        Object {
          "clearActions": [Function],
          "dispatch": [Function],
          "getActions": [Function],
          "getState": [Function],
          "replaceReducer": [Function],
          "subscribe": [Function],
        }
      }
      storeSubscription={
        Subscription {
          "listeners": Object {
            "clear": [Function],
            "notify": [Function],
            "subscribe": [Function],
          },
          "onStateChange": [Function],
          "parentSub": undefined,
          "store": Object {
            "clearActions": [Function],
            "dispatch": [Function],
            "getActions": [Function],
            "getState": [Function],
            "replaceReducer": [Function],
            "subscribe": [Function],
          },
          "unsubscribe": [Function],
        }
      }
      timeCutoff={
        Object {
          "selected": 60,
          "times": Array [],
        }
      }
      ui={
        Object {
          "fetches": 0,
          "showLog": true,
        }
      }
      updateEnd={[Function]}
      updateMap={[Function]}
      updateSelectedTimeCutoff={[Function]}
      updateStart={[Function]}
    >
      <div>
        <Fullscreen>
          <div
            className="Fullscreen"
          >
            <Map
              active={0}
              centerCoordinates={
                Array [
                  39.7691,
                  -86.157,
                ]
              }
              clearStartAndEnd={[Function]}
              geojson={Array []}
              geojsonColor="#4269a4"
              inVehicleTravelTimes={Array []}
              isochrones={Array []}
              markers={Array []}
              setEnd={[Function]}
              setStart={[Function]}
              transitive={null}
              transitives={Array []}
              travelTimes={Array []}
              waitTimes={Array []}
              zoom={11}
            >
              <Map
                animate={false}
                center={
                  Array [
                    39.7691,
                    -86.157,
                  ]
                }
                className="Taui-Map"
                onClick={[Function]}
                preferCanvas={true}
                zoom={11}
                zoomControl={false}
              >
                <div
                  className="Taui-Map"
                  id="map1"
                >
                  <ZoomControl
                    layerContainer={
                      MapMock {
                        "_addLayers": [Function],
                        "_animatePathZoom": [Function],
                        "_animateZoom": [Function],
                        "_catchTransitionEnd": [Function],
                        "_checkIfLoaded": [Function],
                        "_clearControlPos": [Function],
                        "_clearHandlers": [Function],
                        "_clearPanes": [Function],
                        "_container": "map1",
                        "_createPane": [Function],
                        "_endPathZoom": [Function],
                        "_fireMouseEvent": [Function],
                        "_getBoundsOffset": [Function],
                        "_getCenterLayerPoint": [Function],
                        "_getCenterOffset": [Function],
                        "_getMapPanePos": [Function],
                        "_getNewTopLeftPoint": [Function],
                        "_getTopLeftPoint": [Function],
                        "_getZoomSpan": [Function],
                        "_handleGeolocationError": [Function],
                        "_handleGeolocationResponse": [Function],
                        "_initContainer": [Function],
                        "_initControlPos": [Function],
                        "_initEvents": [Function],
                        "_initLayout": [Function],
                        "_initPanes": [Function],
                        "_initPathRoot": [Function],
                        "_initialCenter": Object {
                          "lat": 39.7691,
                          "lng": -86.157,
                        },
                        "_latLngToNewLayerPoint": [Function],
                        "_layerAdd": [Function],
                        "_leaflet_events": Object {
                          "click": Array [
                            Object {
                              "action": [Function],
                              "context": [Circular],
                            },
                          ],
                          "zoom": Array [
                            Object {
                              "action": undefined,
                              "context": [Circular],
                            },
                          ],
                        },
                        "_limitCenter": [Function],
                        "_limitOffset": [Function],
                        "_limitZoom": [Function],
                        "_moved": [Function],
                        "_nothingToAnimate": [Function],
                        "_onMouseClick": [Function],
                        "_onPanTransitionEnd": [Function],
                        "_onPanTransitionStep": [Function],
                        "_onResize": [Function],
                        "_onTileLayerLoad": [Function],
                        "_onZoomTransitionEnd": [Function],
                        "_panInsideMaxBounds": [Function],
                        "_rawPanBy": [Function],
                        "_rebound": [Function],
                        "_resetView": [Function],
                        "_tryAnimatedPan": [Function],
                        "_tryAnimatedZoom": [Function],
                        "_updateCanvasViewport": [Function],
                        "_updatePathViewport": [Function],
                        "_updateSvgViewport": [Function],
                        "_updateZoomLevels": [Function],
                        "_zoom": 11,
                        "addControl": [Function],
                        "addEventListener": [Function],
                        "addHandler": [Function],
                        "addLayer": [Function],
                        "addOneTimeEventListener": [Function],
                        "callInitHooks": [Function],
                        "clearAllEventListeners": [Function],
                        "closePopup": [Function],
                        "containerPointToLatLng": [Function],
                        "containerPointToLayerPoint": [Function],
                        "eachLayer": [Function],
                        "fire": [Function],
                        "fireEvent": [Function],
                        "fitBounds": [Function],
                        "fitWorld": [Function],
                        "getBounds": [Function],
                        "getBoundsZoom": [Function],
                        "getCenter": [Function],
                        "getContainer": [Function],
                        "getMaxZoom": [Function],
                        "getMinZoom": [Function],
                        "getPanes": [Function],
                        "getPixelBounds": [Function],
                        "getPixelOrigin": [Function],
                        "getScaleZoom": [Function],
                        "getSize": [Function],
                        "getZoom": [Function],
                        "getZoomScale": [Function],
                        "hasEventListeners": [Function],
                        "hasLayer": [Function],
                        "initialize": [Function],
                        "invalidateSize": [Function],
                        "latLngToContainerPoint": [Function],
                        "latLngToLayerPoint": [Function],
                        "layerPointToContainerPoint": [Function],
                        "layerPointToLatLng": [Function],
                        "locate": [Function],
                        "mouseEventToContainerPoint": [Function],
                        "mouseEventToLatLng": [Function],
                        "mouseEventToLayerPoint": [Function],
                        "off": [Function],
                        "on": [Function],
                        "once": [Function],
                        "openPopup": [Function],
                        "options": Object {
                          "animate": false,
                          "attributionControl": true,
                          "bounceAtZoomLimits": true,
                          "boxZoom": true,
                          "center": Array [
                            39.7691,
                            -86.157,
                          ],
                          "closePopupOnClick": true,
                          "crs": Object {
                            "Simple": Object {
                              "getSize": [Function],
                              "latLngToPoint": [Function],
                              "pointToLatLng": [Function],
                              "project": [Function],
                              "projection": Object {
                                "project": [Function],
                                "unproject": [Function],
                              },
                              "scale": [Function],
                              "transformation": Object {
                                "_a": 1,
                                "_b": 0,
                                "_c": -1,
                                "_d": 0,
                              },
                            },
                            "code": "EPSG:3857",
                            "getSize": [Function],
                            "latLngToPoint": [Function],
                            "pointToLatLng": [Function],
                            "project": [Function],
                            "projection": Object {
                              "MAX_LATITUDE": 85.0511287798,
                              "project": [Function],
                              "unproject": [Function],
                            },
                            "scale": [Function],
                            "transformation": Object {
                              "_a": 0.15915494309189535,
                              "_b": 0.5,
                              "_c": -0.15915494309189535,
                              "_d": 0.5,
                            },
                          },
                          "doubleClickZoom": true,
                          "dragging": true,
                          "easeLinearity": 0.25,
                          "fadeAnimation": true,
                          "inertia": true,
                          "inertiaDeceleration": 3400,
                          "inertiaMaxSpeed": Infinity,
                          "inertiaThreshold": 18,
                          "keyboard": true,
                          "keyboardPanOffset": 80,
                          "keyboardZoomOffset": 1,
                          "markerZoomAnimation": false,
                          "onClick": [Function],
                          "onZoom": undefined,
                          "preferCanvas": true,
                          "scrollWheelZoom": true,
                          "tap": true,
                          "tapTolerance": 15,
                          "touchZoom": undefined,
                          "trackResize": true,
                          "worldCopyJump": false,
                          "zoom": 11,
                          "zoomAnimation": true,
                          "zoomAnimationThreshold": 4,
                          "zoomControl": false,
                        },
                        "panBy": [Function],
                        "panInsideBounds": [Function],
                        "panTo": [Function],
                        "project": [Function],
                        "remove": [Function],
                        "removeControl": [Function],
                        "removeEventListener": [Function],
                        "removeLayer": [Function],
                        "setMaxBounds": [Function],
                        "setView": [Function],
                        "setZoom": [Function],
                        "setZoomAround": [Function],
                        "stopLocate": [Function],
                        "unproject": [Function],
                        "whenReady": [Function],
                        "zoomIn": [Function],
                        "zoomOut": [Function],
                      }
                    }
                    map={
                      MapMock {
                        "_addLayers": [Function],
                        "_animatePathZoom": [Function],
                        "_animateZoom": [Function],
                        "_catchTransitionEnd": [Function],
                        "_checkIfLoaded": [Function],
                        "_clearControlPos": [Function],
                        "_clearHandlers": [Function],
                        "_clearPanes": [Function],
                        "_container": "map1",
                        "_createPane": [Function],
                        "_endPathZoom": [Function],
                        "_fireMouseEvent": [Function],
                        "_getBoundsOffset": [Function],
                        "_getCenterLayerPoint": [Function],
                        "_getCenterOffset": [Function],
                        "_getMapPanePos": [Function],
                        "_getNewTopLeftPoint": [Function],
                        "_getTopLeftPoint": [Function],
                        "_getZoomSpan": [Function],
                        "_handleGeolocationError": [Function],
                        "_handleGeolocationResponse": [Function],
                        "_initContainer": [Function],
                        "_initControlPos": [Function],
                        "_initEvents": [Function],
                        "_initLayout": [Function],
                        "_initPanes": [Function],
                        "_initPathRoot": [Function],
                        "_initialCenter": Object {
                          "lat": 39.7691,
                          "lng": -86.157,
                        },
                        "_latLngToNewLayerPoint": [Function],
                        "_layerAdd": [Function],
                        "_leaflet_events": Object {
                          "click": Array [
                            Object {
                              "action": [Function],
                              "context": [Circular],
                            },
                          ],
                          "zoom": Array [
                            Object {
                              "action": undefined,
                              "context": [Circular],
                            },
                          ],
                        },
                        "_limitCenter": [Function],
                        "_limitOffset": [Function],
                        "_limitZoom": [Function],
                        "_moved": [Function],
                        "_nothingToAnimate": [Function],
                        "_onMouseClick": [Function],
                        "_onPanTransitionEnd": [Function],
                        "_onPanTransitionStep": [Function],
                        "_onResize": [Function],
                        "_onTileLayerLoad": [Function],
                        "_onZoomTransitionEnd": [Function],
                        "_panInsideMaxBounds": [Function],
                        "_rawPanBy": [Function],
                        "_rebound": [Function],
                        "_resetView": [Function],
                        "_tryAnimatedPan": [Function],
                        "_tryAnimatedZoom": [Function],
                        "_updateCanvasViewport": [Function],
                        "_updatePathViewport": [Function],
                        "_updateSvgViewport": [Function],
                        "_updateZoomLevels": [Function],
                        "_zoom": 11,
                        "addControl": [Function],
                        "addEventListener": [Function],
                        "addHandler": [Function],
                        "addLayer": [Function],
                        "addOneTimeEventListener": [Function],
                        "callInitHooks": [Function],
                        "clearAllEventListeners": [Function],
                        "closePopup": [Function],
                        "containerPointToLatLng": [Function],
                        "containerPointToLayerPoint": [Function],
                        "eachLayer": [Function],
                        "fire": [Function],
                        "fireEvent": [Function],
                        "fitBounds": [Function],
                        "fitWorld": [Function],
                        "getBounds": [Function],
                        "getBoundsZoom": [Function],
                        "getCenter": [Function],
                        "getContainer": [Function],
                        "getMaxZoom": [Function],
                        "getMinZoom": [Function],
                        "getPanes": [Function],
                        "getPixelBounds": [Function],
                        "getPixelOrigin": [Function],
                        "getScaleZoom": [Function],
                        "getSize": [Function],
                        "getZoom": [Function],
                        "getZoomScale": [Function],
                        "hasEventListeners": [Function],
                        "hasLayer": [Function],
                        "initialize": [Function],
                        "invalidateSize": [Function],
                        "latLngToContainerPoint": [Function],
                        "latLngToLayerPoint": [Function],
                        "layerPointToContainerPoint": [Function],
                        "layerPointToLatLng": [Function],
                        "locate": [Function],
                        "mouseEventToContainerPoint": [Function],
                        "mouseEventToLatLng": [Function],
                        "mouseEventToLayerPoint": [Function],
                        "off": [Function],
                        "on": [Function],
                        "once": [Function],
                        "openPopup": [Function],
                        "options": Object {
                          "animate": false,
                          "attributionControl": true,
                          "bounceAtZoomLimits": true,
                          "boxZoom": true,
                          "center": Array [
                            39.7691,
                            -86.157,
                          ],
                          "closePopupOnClick": true,
                          "crs": Object {
                            "Simple": Object {
                              "getSize": [Function],
                              "latLngToPoint": [Function],
                              "pointToLatLng": [Function],
                              "project": [Function],
                              "projection": Object {
                                "project": [Function],
                                "unproject": [Function],
                              },
                              "scale": [Function],
                              "transformation": Object {
                                "_a": 1,
                                "_b": 0,
                                "_c": -1,
                                "_d": 0,
                              },
                            },
                            "code": "EPSG:3857",
                            "getSize": [Function],
                            "latLngToPoint": [Function],
                            "pointToLatLng": [Function],
                            "project": [Function],
                            "projection": Object {
                              "MAX_LATITUDE": 85.0511287798,
                              "project": [Function],
                              "unproject": [Function],
                            },
                            "scale": [Function],
                            "transformation": Object {
                              "_a": 0.15915494309189535,
                              "_b": 0.5,
                              "_c": -0.15915494309189535,
                              "_d": 0.5,
                            },
                          },
                          "doubleClickZoom": true,
                          "dragging": true,
                          "easeLinearity": 0.25,
                          "fadeAnimation": true,
                          "inertia": true,
                          "inertiaDeceleration": 3400,
                          "inertiaMaxSpeed": Infinity,
                          "inertiaThreshold": 18,
                          "keyboard": true,
                          "keyboardPanOffset": 80,
                          "keyboardZoomOffset": 1,
                          "markerZoomAnimation": false,
                          "onClick": [Function],
                          "onZoom": undefined,
                          "preferCanvas": true,
                          "scrollWheelZoom": true,
                          "tap": true,
                          "tapTolerance": 15,
                          "touchZoom": undefined,
                          "trackResize": true,
                          "worldCopyJump": false,
                          "zoom": 11,
                          "zoomAnimation": true,
                          "zoomAnimationThreshold": 4,
                          "zoomControl": false,
                        },
                        "panBy": [Function],
                        "panInsideBounds": [Function],
                        "panTo": [Function],
                        "project": [Function],
                        "remove": [Function],
                        "removeControl": [Function],
                        "removeEventListener": [Function],
                        "removeLayer": [Function],
                        "setMaxBounds": [Function],
                        "setView": [Function],
                        "setZoom": [Function],
                        "setZoomAround": [Function],
                        "stopLocate": [Function],
                        "unproject": [Function],
                        "whenReady": [Function],
                        "zoomIn": [Function],
                        "zoomOut": [Function],
                      }
                    }
                    position="topright"
                  />
                  <TileLayer
                    layerContainer={
                      MapMock {
                        "_addLayers": [Function],
                        "_animatePathZoom": [Function],
                        "_animateZoom": [Function],
                        "_catchTransitionEnd": [Function],
                        "_checkIfLoaded": [Function],
                        "_clearControlPos": [Function],
                        "_clearHandlers": [Function],
                        "_clearPanes": [Function],
                        "_container": "map1",
                        "_createPane": [Function],
                        "_endPathZoom": [Function],
                        "_fireMouseEvent": [Function],
                        "_getBoundsOffset": [Function],
                        "_getCenterLayerPoint": [Function],
                        "_getCenterOffset": [Function],
                        "_getMapPanePos": [Function],
                        "_getNewTopLeftPoint": [Function],
                        "_getTopLeftPoint": [Function],
                        "_getZoomSpan": [Function],
                        "_handleGeolocationError": [Function],
                        "_handleGeolocationResponse": [Function],
                        "_initContainer": [Function],
                        "_initControlPos": [Function],
                        "_initEvents": [Function],
                        "_initLayout": [Function],
                        "_initPanes": [Function],
                        "_initPathRoot": [Function],
                        "_initialCenter": Object {
                          "lat": 39.7691,
                          "lng": -86.157,
                        },
                        "_latLngToNewLayerPoint": [Function],
                        "_layerAdd": [Function],
                        "_leaflet_events": Object {
                          "click": Array [
                            Object {
                              "action": [Function],
                              "context": [Circular],
                            },
                          ],
                          "zoom": Array [
                            Object {
                              "action": undefined,
                              "context": [Circular],
                            },
                          ],
                        },
                        "_limitCenter": [Function],
                        "_limitOffset": [Function],
                        "_limitZoom": [Function],
                        "_moved": [Function],
                        "_nothingToAnimate": [Function],
                        "_onMouseClick": [Function],
                        "_onPanTransitionEnd": [Function],
                        "_onPanTransitionStep": [Function],
                        "_onResize": [Function],
                        "_onTileLayerLoad": [Function],
                        "_onZoomTransitionEnd": [Function],
                        "_panInsideMaxBounds": [Function],
                        "_rawPanBy": [Function],
                        "_rebound": [Function],
                        "_resetView": [Function],
                        "_tryAnimatedPan": [Function],
                        "_tryAnimatedZoom": [Function],
                        "_updateCanvasViewport": [Function],
                        "_updatePathViewport": [Function],
                        "_updateSvgViewport": [Function],
                        "_updateZoomLevels": [Function],
                        "_zoom": 11,
                        "addControl": [Function],
                        "addEventListener": [Function],
                        "addHandler": [Function],
                        "addLayer": [Function],
                        "addOneTimeEventListener": [Function],
                        "callInitHooks": [Function],
                        "clearAllEventListeners": [Function],
                        "closePopup": [Function],
                        "containerPointToLatLng": [Function],
                        "containerPointToLayerPoint": [Function],
                        "eachLayer": [Function],
                        "fire": [Function],
                        "fireEvent": [Function],
                        "fitBounds": [Function],
                        "fitWorld": [Function],
                        "getBounds": [Function],
                        "getBoundsZoom": [Function],
                        "getCenter": [Function],
                        "getContainer": [Function],
                        "getMaxZoom": [Function],
                        "getMinZoom": [Function],
                        "getPanes": [Function],
                        "getPixelBounds": [Function],
                        "getPixelOrigin": [Function],
                        "getScaleZoom": [Function],
                        "getSize": [Function],
                        "getZoom": [Function],
                        "getZoomScale": [Function],
                        "hasEventListeners": [Function],
                        "hasLayer": [Function],
                        "initialize": [Function],
                        "invalidateSize": [Function],
                        "latLngToContainerPoint": [Function],
                        "latLngToLayerPoint": [Function],
                        "layerPointToContainerPoint": [Function],
                        "layerPointToLatLng": [Function],
                        "locate": [Function],
                        "mouseEventToContainerPoint": [Function],
                        "mouseEventToLatLng": [Function],
                        "mouseEventToLayerPoint": [Function],
                        "off": [Function],
                        "on": [Function],
                        "once": [Function],
                        "openPopup": [Function],
                        "options": Object {
                          "animate": false,
                          "attributionControl": true,
                          "bounceAtZoomLimits": true,
                          "boxZoom": true,
                          "center": Array [
                            39.7691,
                            -86.157,
                          ],
                          "closePopupOnClick": true,
                          "crs": Object {
                            "Simple": Object {
                              "getSize": [Function],
                              "latLngToPoint": [Function],
                              "pointToLatLng": [Function],
                              "project": [Function],
                              "projection": Object {
                                "project": [Function],
                                "unproject": [Function],
                              },
                              "scale": [Function],
                              "transformation": Object {
                                "_a": 1,
                                "_b": 0,
                                "_c": -1,
                                "_d": 0,
                              },
                            },
                            "code": "EPSG:3857",
                            "getSize": [Function],
                            "latLngToPoint": [Function],
                            "pointToLatLng": [Function],
                            "project": [Function],
                            "projection": Object {
                              "MAX_LATITUDE": 85.0511287798,
                              "project": [Function],
                              "unproject": [Function],
                            },
                            "scale": [Function],
                            "transformation": Object {
                              "_a": 0.15915494309189535,
                              "_b": 0.5,
                              "_c": -0.15915494309189535,
                              "_d": 0.5,
                            },
                          },
                          "doubleClickZoom": true,
                          "dragging": true,
                          "easeLinearity": 0.25,
                          "fadeAnimation": true,
                          "inertia": true,
                          "inertiaDeceleration": 3400,
                          "inertiaMaxSpeed": Infinity,
                          "inertiaThreshold": 18,
                          "keyboard": true,
                          "keyboardPanOffset": 80,
                          "keyboardZoomOffset": 1,
                          "markerZoomAnimation": false,
                          "onClick": [Function],
                          "onZoom": undefined,
                          "preferCanvas": true,
                          "scrollWheelZoom": true,
                          "tap": true,
                          "tapTolerance": 15,
                          "touchZoom": undefined,
                          "trackResize": true,
                          "worldCopyJump": false,
                          "zoom": 11,
                          "zoomAnimation": true,
                          "zoomAnimationThreshold": 4,
                          "zoomControl": false,
                        },
                        "panBy": [Function],
                        "panInsideBounds": [Function],
                        "panTo": [Function],
                        "project": [Function],
                        "remove": [Function],
                        "removeControl": [Function],
                        "removeEventListener": [Function],
                        "removeLayer": [Function],
                        "setMaxBounds": [Function],
                        "setView": [Function],
                        "setZoom": [Function],
                        "setZoomAround": [Function],
                        "stopLocate": [Function],
                        "unproject": [Function],
                        "whenReady": [Function],
                        "zoomIn": [Function],
                        "zoomOut": [Function],
                      }
                    }
                    map={
                      MapMock {
                        "_addLayers": [Function],
                        "_animatePathZoom": [Function],
                        "_animateZoom": [Function],
                        "_catchTransitionEnd": [Function],
                        "_checkIfLoaded": [Function],
                        "_clearControlPos": [Function],
                        "_clearHandlers": [Function],
                        "_clearPanes": [Function],
                        "_container": "map1",
                        "_createPane": [Function],
                        "_endPathZoom": [Function],
                        "_fireMouseEvent": [Function],
                        "_getBoundsOffset": [Function],
                        "_getCenterLayerPoint": [Function],
                        "_getCenterOffset": [Function],
                        "_getMapPanePos": [Function],
                        "_getNewTopLeftPoint": [Function],
                        "_getTopLeftPoint": [Function],
                        "_getZoomSpan": [Function],
                        "_handleGeolocationError": [Function],
                        "_handleGeolocationResponse": [Function],
                        "_initContainer": [Function],
                        "_initControlPos": [Function],
                        "_initEvents": [Function],
                        "_initLayout": [Function],
                        "_initPanes": [Function],
                        "_initPathRoot": [Function],
                        "_initialCenter": Object {
                          "lat": 39.7691,
                          "lng": -86.157,
                        },
                        "_latLngToNewLayerPoint": [Function],
                        "_layerAdd": [Function],
                        "_leaflet_events": Object {
                          "click": Array [
                            Object {
                              "action": [Function],
                              "context": [Circular],
                            },
                          ],
                          "zoom": Array [
                            Object {
                              "action": undefined,
                              "context": [Circular],
                            },
                          ],
                        },
                        "_limitCenter": [Function],
                        "_limitOffset": [Function],
                        "_limitZoom": [Function],
                        "_moved": [Function],
                        "_nothingToAnimate": [Function],
                        "_onMouseClick": [Function],
                        "_onPanTransitionEnd": [Function],
                        "_onPanTransitionStep": [Function],
                        "_onResize": [Function],
                        "_onTileLayerLoad": [Function],
                        "_onZoomTransitionEnd": [Function],
                        "_panInsideMaxBounds": [Function],
                        "_rawPanBy": [Function],
                        "_rebound": [Function],
                        "_resetView": [Function],
                        "_tryAnimatedPan": [Function],
                        "_tryAnimatedZoom": [Function],
                        "_updateCanvasViewport": [Function],
                        "_updatePathViewport": [Function],
                        "_updateSvgViewport": [Function],
                        "_updateZoomLevels": [Function],
                        "_zoom": 11,
                        "addControl": [Function],
                        "addEventListener": [Function],
                        "addHandler": [Function],
                        "addLayer": [Function],
                        "addOneTimeEventListener": [Function],
                        "callInitHooks": [Function],
                        "clearAllEventListeners": [Function],
                        "closePopup": [Function],
                        "containerPointToLatLng": [Function],
                        "containerPointToLayerPoint": [Function],
                        "eachLayer": [Function],
                        "fire": [Function],
                        "fireEvent": [Function],
                        "fitBounds": [Function],
                        "fitWorld": [Function],
                        "getBounds": [Function],
                        "getBoundsZoom": [Function],
                        "getCenter": [Function],
                        "getContainer": [Function],
                        "getMaxZoom": [Function],
                        "getMinZoom": [Function],
                        "getPanes": [Function],
                        "getPixelBounds": [Function],
                        "getPixelOrigin": [Function],
                        "getScaleZoom": [Function],
                        "getSize": [Function],
                        "getZoom": [Function],
                        "getZoomScale": [Function],
                        "hasEventListeners": [Function],
                        "hasLayer": [Function],
                        "initialize": [Function],
                        "invalidateSize": [Function],
                        "latLngToContainerPoint": [Function],
                        "latLngToLayerPoint": [Function],
                        "layerPointToContainerPoint": [Function],
                        "layerPointToLatLng": [Function],
                        "locate": [Function],
                        "mouseEventToContainerPoint": [Function],
                        "mouseEventToLatLng": [Function],
                        "mouseEventToLayerPoint": [Function],
                        "off": [Function],
                        "on": [Function],
                        "once": [Function],
                        "openPopup": [Function],
                        "options": Object {
                          "animate": false,
                          "attributionControl": true,
                          "bounceAtZoomLimits": true,
                          "boxZoom": true,
                          "center": Array [
                            39.7691,
                            -86.157,
                          ],
                          "closePopupOnClick": true,
                          "crs": Object {
                            "Simple": Object {
                              "getSize": [Function],
                              "latLngToPoint": [Function],
                              "pointToLatLng": [Function],
                              "project": [Function],
                              "projection": Object {
                                "project": [Function],
                                "unproject": [Function],
                              },
                              "scale": [Function],
                              "transformation": Object {
                                "_a": 1,
                                "_b": 0,
                                "_c": -1,
                                "_d": 0,
                              },
                            },
                            "code": "EPSG:3857",
                            "getSize": [Function],
                            "latLngToPoint": [Function],
                            "pointToLatLng": [Function],
                            "project": [Function],
                            "projection": Object {
                              "MAX_LATITUDE": 85.0511287798,
                              "project": [Function],
                              "unproject": [Function],
                            },
                            "scale": [Function],
                            "transformation": Object {
                              "_a": 0.15915494309189535,
                              "_b": 0.5,
                              "_c": -0.15915494309189535,
                              "_d": 0.5,
                            },
                          },
                          "doubleClickZoom": true,
                          "dragging": true,
                          "easeLinearity": 0.25,
                          "fadeAnimation": true,
                          "inertia": true,
                          "inertiaDeceleration": 3400,
                          "inertiaMaxSpeed": Infinity,
                          "inertiaThreshold": 18,
                          "keyboard": true,
                          "keyboardPanOffset": 80,
                          "keyboardZoomOffset": 1,
                          "markerZoomAnimation": false,
                          "onClick": [Function],
                          "onZoom": undefined,
                          "preferCanvas": true,
                          "scrollWheelZoom": true,
                          "tap": true,
                          "tapTolerance": 15,
                          "touchZoom": undefined,
                          "trackResize": true,
                          "worldCopyJump": false,
                          "zoom": 11,
                          "zoomAnimation": true,
                          "zoomAnimationThreshold": 4,
                          "zoomControl": false,
                        },
                        "panBy": [Function],
                        "panInsideBounds": [Function],
                        "panTo": [Function],
                        "project": [Function],
                        "remove": [Function],
                        "removeControl": [Function],
                        "removeEventListener": [Function],
                        "removeLayer": [Function],
                        "setMaxBounds": [Function],
                        "setView": [Function],
                        "setZoom": [Function],
                        "setZoomAround": [Function],
                        "stopLocate": [Function],
                        "unproject": [Function],
                        "whenReady": [Function],
                        "zoomIn": [Function],
                        "zoomOut": [Function],
                      }
                    }
                  />
                </div>
              </Map>
            </Map>
          </div>
        </Fullscreen>
        <div
          className="Taui-Dock"
        >
          <div
            className="Taui-Dock-content"
          >
            <div
              className="title"
            >
              <Icon
                type="map"
              >
                <i
                  className="fa fa-map fa-fw "
                />
              </Icon>
               
              IndyConnect
            </div>
            <Form
              geocoder={
                Object {
                  "boundary": Object {
                    "country": "us",
                    "rect": Object {
                      "maxLat": 40.271143686084194,
                      "maxLon": -85.462646484375,
                      "minLat": 39.35978526869001,
                      "minLon": -86.8524169921875,
                    },
                  },
                  "focusLatlng": Object {
                    "lat": 39.7691,
                    "lng": -86.157,
                  },
                }
              }
              onChangeEnd={[Function]}
              onChangeStart={[Function]}
              onTimeCutoffChange={[Function]}
              selectedTimeCutoff={60}
            >
              <div>
                <div
                  className="heading"
                >
                  Find my location
                </div>
                <div
                  className="Geocoder"
                >
                  <Geocoder
                    boundary={
                      Object {
                        "country": "us",
                        "rect": Object {
                          "maxLat": 40.271143686084194,
                          "maxLon": -85.462646484375,
                          "minLat": 39.35978526869001,
                          "minLon": -86.8524169921875,
                        },
                      }
                    }
                    featureToLabel={[Function]}
                    featureToValue={[Function]}
                    findingLocationText="Locating you..."
                    focusLatlng={
                      Object {
                        "lat": 39.7691,
                        "lng": -86.157,
                      }
                    }
                    name="start-address"
                    onChange={[Function]}
                    placeholder="Start"
                    reverseSearch={[Function]}
                    search={[Function]}
                    searchPromptText="Type to search for an address"
                    useLocationText="Use Current Location"
                  >
                    <Async
                      autoBlur={true}
                      autoload={false}
                      boundary={
                        Object {
                          "country": "us",
                          "rect": Object {
                            "maxLat": 40.271143686084194,
                            "maxLon": -85.462646484375,
                            "minLat": 39.35978526869001,
                            "minLon": -86.8524169921875,
                          },
                        }
                      }
                      cache={false}
                      featureToLabel={[Function]}
                      featureToValue={[Function]}
                      filterOptions={false}
                      findingLocationText="Locating you..."
                      focusLatlng={
                        Object {
                          "lat": 39.7691,
                          "lng": -86.157,
                        }
                      }
                      ignoreAccents={false}
                      ignoreCase={false}
                      loadOptions={[Function]}
                      loadingPlaceholder="Loading..."
                      minimumInput={3}
                      name="start-address"
                      onChange={[Function]}
                      options={Array []}
                      placeholder="Start"
                      reverseSearch={[Function]}
                      search={[Function]}
                      searchPromptText="Type to search for an address"
                      useLocationText="Use Current Location"
                      value={null}
                    >
                      <Select
                        addLabelText="Add \\"{label}\\"?"
                        arrowRenderer={[Function]}
                        autoBlur={true}
                        autoload={false}
                        autosize={true}
                        backspaceRemoves={true}
                        backspaceToRemoveMessage="Press backspace to remove {label}"
                        boundary={
                          Object {
                            "country": "us",
                            "rect": Object {
                              "maxLat": 40.271143686084194,
                              "maxLon": -85.462646484375,
                              "minLat": 39.35978526869001,
                              "minLon": -86.8524169921875,
                            },
                          }
                        }
                        cache={false}
                        clearAllText="Clear all"
                        clearRenderer={[Function]}
                        clearValueText="Clear value"
                        clearable={true}
                        deleteRemoves={true}
                        delimiter=","
                        disabled={false}
                        escapeClearsValue={true}
                        featureToLabel={[Function]}
                        featureToValue={[Function]}
                        filterOptions={false}
                        findingLocationText="Locating you..."
                        focusLatlng={
                          Object {
                            "lat": 39.7691,
                            "lng": -86.157,
                          }
                        }
                        ignoreAccents={false}
                        ignoreCase={false}
                        inputProps={Object {}}
                        isLoading={false}
                        joinValues={false}
                        labelKey="label"
                        loadOptions={[Function]}
                        loadingPlaceholder="Loading..."
                        matchPos="any"
                        matchProp="any"
                        menuBuffer={0}
                        menuRenderer={[Function]}
                        minimumInput={3}
                        multi={false}
                        name="start-address"
                        noResultsText="Type to search for an address"
                        onBlurResetsInput={true}
                        onChange={[Function]}
                        onCloseResetsInput={true}
                        onInputChange={[Function]}
                        openAfterFocus={false}
                        optionComponent={[Function]}
                        options={Array []}
                        pageSize={5}
                        placeholder="Start"
                        required={false}
                        reverseSearch={[Function]}
                        scrollMenuIntoView={true}
                        search={[Function]}
                        searchPromptText="Type to search for an address"
                        searchable={true}
                        simpleValue={false}
                        tabSelectsValue={true}
                        useLocationText="Use Current Location"
                        value={null}
                        valueComponent={[Function]}
                        valueKey="value"
                      >
                        <div
                          className="Select Select--single is-searchable"
                        >
                          <div
                            className="Select-control"
                            onKeyDown={[Function]}
                            onMouseDown={[Function]}
                            onTouchEnd={[Function]}
                            onTouchMove={[Function]}
                            onTouchStart={[Function]}
                          >
                            <span
                              className="Select-multi-value-wrapper"
                              id="react-select-2--value"
                            >
                              <div
                                className="Select-placeholder"
                              >
                                Start
                              </div>
                              <AutosizeInput
                                aria-activedescendant="react-select-2--value"
                                aria-expanded="false"
                                aria-haspopup="false"
                                aria-owns=""
                                className="Select-input"
                                minWidth="5"
                                onBlur={[Function]}
                                onChange={[Function]}
                                onFocus={[Function]}
                                required={false}
                                role="combobox"
                                value=""
                              >
                                <div
                                  className="Select-input"
                                  style={
                                    Object {
                                      "display": "inline-block",
                                    }
                                  }
                                >
                                  <input
                                    aria-activedescendant="react-select-2--value"
                                    aria-expanded="false"
                                    aria-haspopup="false"
                                    aria-owns=""
                                    onBlur={[Function]}
                                    onChange={[Function]}
                                    onFocus={[Function]}
                                    required={false}
                                    role="combobox"
                                    style={
                                      Object {
                                        "boxSizing": "content-box",
                                        "width": "5px",
                                      }
                                    }
                                    value=""
                                  />
                                  <div
                                    style={
                                      Object {
                                        "height": 0,
                                        "left": 0,
                                        "overflow": "scroll",
                                        "position": "absolute",
                                        "top": 0,
                                        "visibility": "hidden",
                                        "whiteSpace": "pre",
                                      }
                                    }
                                  />
                                </div>
                              </AutosizeInput>
                            </span>
                            <span
                              className="Select-arrow-zone"
                              onMouseDown={[Function]}
                            >
                              <span
                                className="Select-arrow"
                                onMouseDown={[Function]}
                              />
                            </span>
                          </div>
                        </div>
                      </Select>
                    </Async>
                  </Geocoder>
                </div>
              </div>
            </Form>
          </div>
        </div>
      </div>
    </Application>
  </Connect(Application)>
</Provider>
`;
